
vishnu@DESKTOP-SAC63GA MINGW64 / (master)
$ cd d:

vishnu@DESKTOP-SAC63GA MINGW64 /d
$ mkdir vishnudev

vishnu@DESKTOP-SAC63GA MINGW64 /d
$ cd d:/vishnudev

vishnu@DESKTOP-SAC63GA MINGW64 /d/vishnudev
$ nano 1.txt

vishnu@DESKTOP-SAC63GA MINGW64 /d/vishnudev
$ nano 2.txt

vishnu@DESKTOP-SAC63GA MINGW64 /d/vishnudev
$ ls
1.txt  2.txt

vishnu@DESKTOP-SAC63GA MINGW64 /d/vishnudev
$ git init
Initialized empty Git repository in D:/vishnudev/.git/

vishnu@DESKTOP-SAC63GA MINGW64 /d/vishnudev (master)
$ git status
On branch master

No commits yet

Untracked files:
  (use "git add <file>..." to include in what will be committed)

        1.txt
        2.txt

nothing added to commit but untracked files present (use "git add" to track)

vishnu@DESKTOP-SAC63GA MINGW64 /d/vishnudev (master)
$ git add.
git: 'add.' is not a git command. See 'git --help'.

The most similar command is
        add

vishnu@DESKTOP-SAC63GA MINGW64 /d/vishnudev (master)
$ git add .
warning: LF will be replaced by CRLF in 1.txt.
The file will have its original line endings in your working directory
warning: LF will be replaced by CRLF in 2.txt.
The file will have its original line endings in your working directory

vishnu@DESKTOP-SAC63GA MINGW64 /d/vishnudev (master)
$ git status
On branch master

No commits yet

Changes to be committed:
  (use "git rm --cached <file>..." to unstage)

        new file:   1.txt
        new file:   2.txt


vishnu@DESKTOP-SAC63GA MINGW64 /d/vishnudev (master)
$ git commit -m "vishnu07312019"
[master (root-commit) 01fc2bf] vishnu07312019
 2 files changed, 2 insertions(+)
 create mode 100644 1.txt
 create mode 100644 2.txt

vishnu@DESKTOP-SAC63GA MINGW64 /d/vishnudev (master)
$ git status
On branch master
nothing to commit, working tree clean

vishnu@DESKTOP-SAC63GA MINGW64 /d/vishnudev (master)
$ nano 3.txt

vishnu@DESKTOP-SAC63GA MINGW64 /d/vishnudev (master)
$ git status
On branch master
Untracked files:
  (use "git add <file>..." to include in what will be committed)

        3.txt

nothing added to commit but untracked files present (use "git add" to track)

vishnu@DESKTOP-SAC63GA MINGW64 /d/vishnudev (master)
$ nano 2.txt

vishnu@DESKTOP-SAC63GA MINGW64 /d/vishnudev (master)
$ git status
On branch master
Changes not staged for commit:
  (use "git add <file>..." to update what will be committed)
  (use "git checkout -- <file>..." to discard changes in working directory)

        modified:   2.txt

Untracked files:
  (use "git add <file>..." to include in what will be committed)

        3.txt

no changes added to commit (use "git add" and/or "git commit -a")

vishnu@DESKTOP-SAC63GA MINGW64 /d/vishnudev (master)
$ add .
bash: add: command not found

vishnu@DESKTOP-SAC63GA MINGW64 /d/vishnudev (master)
$ git add .
warning: LF will be replaced by CRLF in 2.txt.
The file will have its original line endings in your working directory
warning: LF will be replaced by CRLF in 3.txt.
The file will have its original line endings in your working directory

vishnu@DESKTOP-SAC63GA MINGW64 /d/vishnudev (master)
$ git status
On branch master
Changes to be committed:
  (use "git reset HEAD <file>..." to unstage)

        modified:   2.txt
        new file:   3.txt


vishnu@DESKTOP-SAC63GA MINGW64 /d/vishnudev (master)
$ git remote add origin https://github.com/vishnuthanos/vishnudev.git

vishnu@DESKTOP-SAC63GA MINGW64 /d/vishnudev (master)
$ git put origin master
git: 'put' is not a git command. See 'git --help'.

The most similar commands are
        pull
        push
        update

vishnu@DESKTOP-SAC63GA MINGW64 /d/vishnudev (master)
$ git put origin master
git: 'put' is not a git command. See 'git --help'.

The most similar commands are
        pull
        push
        update

vishnu@DESKTOP-SAC63GA MINGW64 /d/vishnudev (master)
$ git push origin master
Enumerating objects: 4, done.
Counting objects: 100% (4/4), done.
Delta compression using up to 4 threads
Compressing objects: 100% (2/2), done.
Writing objects: 100% (4/4), 274 bytes | 68.00 KiB/s, done.
Total 4 (delta 0), reused 0 (delta 0)
To https://github.com/vishnuthanos/vishnudev.git
 * [new branch]      master -> master

vishnu@DESKTOP-SAC63GA MINGW64 /d/vishnudev (master)
$ git add 2.txt

vishnu@DESKTOP-SAC63GA MINGW64 /d/vishnudev (master)
$ git status
On branch master
Changes to be committed:
  (use "git reset HEAD <file>..." to unstage)

        modified:   2.txt
        new file:   3.txt


vishnu@DESKTOP-SAC63GA MINGW64 /d/vishnudev (master)
$ git add 3.txt

vishnu@DESKTOP-SAC63GA MINGW64 /d/vishnudev (master)
$ git status
On branch master
Changes to be committed:
  (use "git reset HEAD <file>..." to unstage)

        modified:   2.txt
        new file:   3.txt


vishnu@DESKTOP-SAC63GA MINGW64 /d/vishnudev (master)
$ git commit -m "3 and 2 modified"
[master b62e215] 3 and 2 modified
 2 files changed, 3 insertions(+), 1 deletion(-)
 create mode 100644 3.txt

vishnu@DESKTOP-SAC63GA MINGW64 /d/vishnudev (master)
$ git status
On branch master
nothing to commit, working tree clean

vishnu@DESKTOP-SAC63GA MINGW64 /d/vishnudev (master)
$ git push origin master
Enumerating objects: 6, done.
Counting objects: 100% (6/6), done.
Delta compression using up to 4 threads
Compressing objects: 100% (2/2), done.
Writing objects: 100% (4/4), 340 bytes | 85.00 KiB/s, done.
Total 4 (delta 0), reused 0 (delta 0)
To https://github.com/vishnuthanos/vishnudev.git
   01fc2bf..b62e215  master -> master

vishnu@DESKTOP-SAC63GA MINGW64 /d/vishnudev (master)
$ git status
On branch master
nothing to commit, working tree clean

vishnu@DESKTOP-SAC63GA MINGW64 /d/vishnudev (master)
$ cd D:\vishnudev2

vishnu@DESKTOP-SAC63GA MINGW64 /d/vishnudev2
$ ls

vishnu@DESKTOP-SAC63GA MINGW64 /d/vishnudev2
$ git clone https://github.com/vishnuthanos/vishnudev.git
Cloning into 'vishnudev'...
remote: Enumerating objects: 8, done.
remote: Counting objects: 100% (8/8), done.
remote: Compressing objects: 100% (4/4), done.
remote: Total 8 (delta 0), reused 8 (delta 0), pack-reused 0
Unpacking objects: 100% (8/8), done.

vishnu@DESKTOP-SAC63GA MINGW64 /d/vishnudev2
$ ls
vishnudev/

vishnu@DESKTOP-SAC63GA MINGW64 /d/vishnudev2
$ cd vishnudev

vishnu@DESKTOP-SAC63GA MINGW64 /d/vishnudev2/vishnudev (master)
$ git status
On branch master
Your branch is up to date with 'origin/master'.

nothing to commit, working tree clean

vishnu@DESKTOP-SAC63GA MINGW64 /d/vishnudev2/vishnudev (master)
$ git checkout -b "branch1"
Switched to a new branch 'branch1'

vishnu@DESKTOP-SAC63GA MINGW64 /d/vishnudev2/vishnudev (branch1)
$ git status
On branch branch1
nothing to commit, working tree clean

vishnu@DESKTOP-SAC63GA MINGW64 /d/vishnudev2/vishnudev (branch1)
$ nano 4.txt

vishnu@DESKTOP-SAC63GA MINGW64 /d/vishnudev2/vishnudev (branch1)
$ git status
On branch branch1
nothing to commit, working tree clean

vishnu@DESKTOP-SAC63GA MINGW64 /d/vishnudev2/vishnudev (branch1)
$ nano 4.txt

vishnu@DESKTOP-SAC63GA MINGW64 /d/vishnudev2/vishnudev (branch1)
$ git status
On branch branch1
Untracked files:
  (use "git add <file>..." to include in what will be committed)

        4.txt

nothing added to commit but untracked files present (use "git add" to track)

vishnu@DESKTOP-SAC63GA MINGW64 /d/vishnudev2/vishnudev (branch1)
$ git add .
warning: LF will be replaced by CRLF in 4.txt.
The file will have its original line endings in your working directory

vishnu@DESKTOP-SAC63GA MINGW64 /d/vishnudev2/vishnudev (branch1)
$ git status
On branch branch1
Changes to be committed:
  (use "git reset HEAD <file>..." to unstage)

        new file:   4.txt


vishnu@DESKTOP-SAC63GA MINGW64 /d/vishnudev2/vishnudev (branch1)
$ git commit -m "new branch1 4txt file"
[branch1 77c6310] new branch1 4txt file
 1 file changed, 1 insertion(+)
 create mode 100644 4.txt

vishnu@DESKTOP-SAC63GA MINGW64 /d/vishnudev2/vishnudev (branch1)
$ git push origin master
fatal: unable to access 'https://github.com/vishnuthanos/vishnudev.git/': Could not resolve host: github.com

vishnu@DESKTOP-SAC63GA MINGW64 /d/vishnudev2/vishnudev (branch1)
$ git status
On branch branch1
nothing to commit, working tree clean

vishnu@DESKTOP-SAC63GA MINGW64 /d/vishnudev2/vishnudev (branch1)
$ git merge branch1
Already up to date.

vishnu@DESKTOP-SAC63GA MINGW64 /d/vishnudev2/vishnudev (branch1)
$ git push origin branch1
Enumerating objects: 4, done.
Counting objects: 100% (4/4), done.
Delta compression using up to 4 threads
Compressing objects: 100% (2/2), done.
Writing objects: 100% (3/3), 301 bytes | 100.00 KiB/s, done.
Total 3 (delta 1), reused 0 (delta 0)
remote: Resolving deltas: 100% (1/1), completed with 1 local object.
remote:
remote: Create a pull request for 'branch1' on GitHub by visiting:
remote:      https://github.com/vishnuthanos/vishnudev/pull/new/branch1
remote:
To https://github.com/vishnuthanos/vishnudev.git
 * [new branch]      branch1 -> branch1

vishnu@DESKTOP-SAC63GA MINGW64 /d/vishnudev2/vishnudev (branch1)
$ git status
On branch branch1
nothing to commit, working tree clean

vishnu@DESKTOP-SAC63GA MINGW64 /d/vishnudev2/vishnudev (branch1)
$ git checkout master
Switched to branch 'master'
Your branch is up to date with 'origin/master'.

vishnu@DESKTOP-SAC63GA MINGW64 /d/vishnudev2/vishnudev (master)
$ git merge branch1
Updating b62e215..77c6310
Fast-forward
 4.txt | 1 +
 1 file changed, 1 insertion(+)
 create mode 100644 4.txt

vishnu@DESKTOP-SAC63GA MINGW64 /d/vishnudev2/vishnudev (master)
$ git push origin master
Total 0 (delta 0), reused 0 (delta 0)
To https://github.com/vishnuthanos/vishnudev.git
   b62e215..77c6310  master -> master

vishnu@DESKTOP-SAC63GA MINGW64 /d/vishnudev2/vishnudev (master)
$